// Jest Snapshot v1, https://goo.gl/fbAQLP

exports[`renders correctly 1`] = `
<Text
  className="text-base "
  style={
    [
      undefined,
      {
        "fontFamily": "Roboto",
      },
    ]
  }
>
  Snapshot test!
</Text>
`;
